*** Using Compiler 'V5.06 update 5 (build 528)', folder: 'D:\keil5\ARM\ARMCC\Bin'
Build target 'vet6_mdk'
compiling usart.c...
compiling UpperCP.c...
linking...
Program Size: Code=49448 RO-data=4480 RW-data=1000 ZI-data=28680  
FromELF: creating hex file...
"vet6_mdk\vet6_mdk.axf" - 0 Error(s), 0 Warning(s).
Build Time Elapsed:  00:00:02
